[2019-02-06T10:31:46.681+0530][gc,heap] Heap region size: 1M
[2019-02-06T10:31:46.689+0530][gc     ] Using G1
[2019-02-06T10:31:46.689+0530][gc,heap,coops] Heap address: 0x00000000c0000000, size: 1024 MB, Compressed Oops mode: 32-bit
[2019-02-06T10:31:48.309+0530][gc,start     ] GC(0) Pause Young (Concurrent Start) (Metadata GC Threshold)
[2019-02-06T10:31:48.311+0530][gc,task      ] GC(0) Using 8 workers of 8 for evacuation
[2019-02-06T10:31:48.321+0530][gc,phases    ] GC(0)   Pre Evacuate Collection Set: 0.0ms
[2019-02-06T10:31:48.321+0530][gc,phases    ] GC(0)   Evacuate Collection Set: 8.9ms
[2019-02-06T10:31:48.321+0530][gc,phases    ] GC(0)   Post Evacuate Collection Set: 0.6ms
[2019-02-06T10:31:48.321+0530][gc,phases    ] GC(0)   Other: 1.7ms
[2019-02-06T10:31:48.321+0530][gc,heap      ] GC(0) Eden regions: 42->0(44)
[2019-02-06T10:31:48.321+0530][gc,heap      ] GC(0) Survivor regions: 0->7(7)
[2019-02-06T10:31:48.321+0530][gc,heap      ] GC(0) Old regions: 0->0
[2019-02-06T10:31:48.321+0530][gc,heap      ] GC(0) Humongous regions: 1->1
[2019-02-06T10:31:48.321+0530][gc,metaspace ] GC(0) Metaspace: 20626K->20626K(1069056K)
[2019-02-06T10:31:48.321+0530][gc           ] GC(0) Pause Young (Concurrent Start) (Metadata GC Threshold) 42M->7M(1024M) 11.340ms
[2019-02-06T10:31:48.321+0530][gc,cpu       ] GC(0) User=0.03s Sys=0.00s Real=0.01s
[2019-02-06T10:31:48.321+0530][gc           ] GC(1) Concurrent Cycle
[2019-02-06T10:31:48.321+0530][gc,marking   ] GC(1) Concurrent Clear Claimed Marks
[2019-02-06T10:31:48.321+0530][gc,marking   ] GC(1) Concurrent Clear Claimed Marks 0.020ms
[2019-02-06T10:31:48.321+0530][gc,marking   ] GC(1) Concurrent Scan Root Regions
[2019-02-06T10:31:48.323+0530][gc,marking   ] GC(1) Concurrent Scan Root Regions 2.179ms
[2019-02-06T10:31:48.323+0530][gc,marking   ] GC(1) Concurrent Mark (1.645s)
[2019-02-06T10:31:48.323+0530][gc,marking   ] GC(1) Concurrent Mark From Roots
[2019-02-06T10:31:48.323+0530][gc,task      ] GC(1) Using 2 workers of 2 for marking
[2019-02-06T10:31:48.324+0530][gc,marking   ] GC(1) Concurrent Mark From Roots 0.469ms
[2019-02-06T10:31:48.324+0530][gc,marking   ] GC(1) Concurrent Preclean
[2019-02-06T10:31:48.324+0530][gc,marking   ] GC(1) Concurrent Preclean 0.108ms
[2019-02-06T10:31:48.324+0530][gc,marking   ] GC(1) Concurrent Mark (1.645s, 1.646s) 0.623ms
[2019-02-06T10:31:48.324+0530][gc,start     ] GC(1) Pause Remark
[2019-02-06T10:31:48.326+0530][gc,stringtable] GC(1) Cleaned string and symbol table, strings: 8048 processed, 0 removed, symbols: 65587 processed, 37 removed
[2019-02-06T10:31:48.326+0530][gc            ] GC(1) Pause Remark 7M->7M(1024M) 2.595ms
[2019-02-06T10:31:48.327+0530][gc,cpu        ] GC(1) User=0.01s Sys=0.00s Real=0.00s
[2019-02-06T10:31:48.327+0530][gc,marking    ] GC(1) Concurrent Rebuild Remembered Sets
[2019-02-06T10:31:48.327+0530][gc,marking    ] GC(1) Concurrent Rebuild Remembered Sets 0.128ms
[2019-02-06T10:31:48.327+0530][gc,start      ] GC(1) Pause Cleanup
[2019-02-06T10:31:48.327+0530][gc            ] GC(1) Pause Cleanup 7M->7M(1024M) 0.296ms
[2019-02-06T10:31:48.327+0530][gc,cpu        ] GC(1) User=0.00s Sys=0.00s Real=0.00s
[2019-02-06T10:31:48.327+0530][gc,marking    ] GC(1) Concurrent Cleanup for Next Mark
[2019-02-06T10:31:48.332+0530][gc,marking    ] GC(1) Concurrent Cleanup for Next Mark 4.627ms
[2019-02-06T10:31:48.332+0530][gc            ] GC(1) Concurrent Cycle 11.098ms
[2019-02-06T10:31:51.596+0530][gc,heap,exit  ] Heap
[2019-02-06T10:31:51.596+0530][gc,heap,exit  ]  garbage-first heap   total 1048576K, used 24852K [0x00000000c0000000, 0x0000000100000000)
[2019-02-06T10:31:51.596+0530][gc,heap,exit  ]   region size 1024K, 25 young (25600K), 7 survivors (7168K)
[2019-02-06T10:31:51.596+0530][gc,heap,exit  ]  Metaspace       used 25065K, capacity 25453K, committed 26032K, reserved 1073152K
[2019-02-06T10:31:51.596+0530][gc,heap,exit  ]   class space    used 3068K, capacity 3219K, committed 3328K, reserved 1048576K
