[2019-02-06T10:38:26.814+0530][gc,heap] Heap region size: 1M
[2019-02-06T10:38:26.822+0530][gc     ] Using G1
[2019-02-06T10:38:26.822+0530][gc,heap,coops] Heap address: 0x00000000c0000000, size: 1024 MB, Compressed Oops mode: 32-bit
[2019-02-06T10:38:29.338+0530][gc,start     ] GC(0) Pause Young (Concurrent Start) (Metadata GC Threshold)
[2019-02-06T10:38:29.340+0530][gc,task      ] GC(0) Using 8 workers of 8 for evacuation
[2019-02-06T10:38:29.351+0530][gc,phases    ] GC(0)   Pre Evacuate Collection Set: 0.1ms
[2019-02-06T10:38:29.351+0530][gc,phases    ] GC(0)   Evacuate Collection Set: 10.1ms
[2019-02-06T10:38:29.351+0530][gc,phases    ] GC(0)   Post Evacuate Collection Set: 0.6ms
[2019-02-06T10:38:29.351+0530][gc,phases    ] GC(0)   Other: 2.4ms
[2019-02-06T10:38:29.351+0530][gc,heap      ] GC(0) Eden regions: 42->0(44)
[2019-02-06T10:38:29.351+0530][gc,heap      ] GC(0) Survivor regions: 0->7(7)
[2019-02-06T10:38:29.351+0530][gc,heap      ] GC(0) Old regions: 0->0
[2019-02-06T10:38:29.351+0530][gc,heap      ] GC(0) Humongous regions: 1->1
[2019-02-06T10:38:29.351+0530][gc,metaspace ] GC(0) Metaspace: 20676K->20676K(1069056K)
[2019-02-06T10:38:29.351+0530][gc           ] GC(0) Pause Young (Concurrent Start) (Metadata GC Threshold) 43M->7M(1024M) 13.201ms
[2019-02-06T10:38:29.351+0530][gc,cpu       ] GC(0) User=0.03s Sys=0.01s Real=0.01s
[2019-02-06T10:38:29.351+0530][gc           ] GC(1) Concurrent Cycle
[2019-02-06T10:38:29.351+0530][gc,marking   ] GC(1) Concurrent Clear Claimed Marks
[2019-02-06T10:38:29.351+0530][gc,marking   ] GC(1) Concurrent Clear Claimed Marks 0.017ms
[2019-02-06T10:38:29.351+0530][gc,marking   ] GC(1) Concurrent Scan Root Regions
[2019-02-06T10:38:29.354+0530][gc,marking   ] GC(1) Concurrent Scan Root Regions 2.645ms
[2019-02-06T10:38:29.354+0530][gc,marking   ] GC(1) Concurrent Mark (2.543s)
[2019-02-06T10:38:29.354+0530][gc,marking   ] GC(1) Concurrent Mark From Roots
[2019-02-06T10:38:29.354+0530][gc,task      ] GC(1) Using 2 workers of 2 for marking
[2019-02-06T10:38:29.355+0530][gc,marking   ] GC(1) Concurrent Mark From Roots 0.611ms
[2019-02-06T10:38:29.355+0530][gc,marking   ] GC(1) Concurrent Preclean
[2019-02-06T10:38:29.355+0530][gc,marking   ] GC(1) Concurrent Preclean 0.099ms
[2019-02-06T10:38:29.355+0530][gc,marking   ] GC(1) Concurrent Mark (2.543s, 2.544s) 0.752ms
[2019-02-06T10:38:29.355+0530][gc,start     ] GC(1) Pause Remark
[2019-02-06T10:38:29.356+0530][gc,stringtable] GC(1) Cleaned string and symbol table, strings: 8055 processed, 0 removed, symbols: 65984 processed, 37 removed
[2019-02-06T10:38:29.356+0530][gc            ] GC(1) Pause Remark 7M->7M(1024M) 1.418ms
[2019-02-06T10:38:29.356+0530][gc,cpu        ] GC(1) User=0.01s Sys=0.00s Real=0.00s
[2019-02-06T10:38:29.357+0530][gc,marking    ] GC(1) Concurrent Rebuild Remembered Sets
[2019-02-06T10:38:29.357+0530][gc,marking    ] GC(1) Concurrent Rebuild Remembered Sets 0.105ms
[2019-02-06T10:38:29.357+0530][gc,start      ] GC(1) Pause Cleanup
[2019-02-06T10:38:29.358+0530][gc            ] GC(1) Pause Cleanup 7M->7M(1024M) 0.290ms
[2019-02-06T10:38:29.358+0530][gc,cpu        ] GC(1) User=0.00s Sys=0.00s Real=0.00s
[2019-02-06T10:38:29.358+0530][gc,marking    ] GC(1) Concurrent Cleanup for Next Mark
[2019-02-06T10:38:29.363+0530][gc,marking    ] GC(1) Concurrent Cleanup for Next Mark 5.715ms
[2019-02-06T10:38:29.363+0530][gc            ] GC(1) Concurrent Cycle 12.094ms
[2019-02-06T10:38:35.825+0530][gc,start      ] GC(2) Pause Young (Normal) (G1 Evacuation Pause)
[2019-02-06T10:38:35.825+0530][gc,task       ] GC(2) Using 8 workers of 8 for evacuation
[2019-02-06T10:38:35.833+0530][gc,phases     ] GC(2)   Pre Evacuate Collection Set: 0.0ms
[2019-02-06T10:38:35.833+0530][gc,phases     ] GC(2)   Evacuate Collection Set: 7.2ms
[2019-02-06T10:38:35.833+0530][gc,phases     ] GC(2)   Post Evacuate Collection Set: 0.7ms
[2019-02-06T10:38:35.833+0530][gc,phases     ] GC(2)   Other: 0.2ms
[2019-02-06T10:38:35.833+0530][gc,heap       ] GC(2) Eden regions: 44->0(47)
[2019-02-06T10:38:35.833+0530][gc,heap       ] GC(2) Survivor regions: 7->4(7)
[2019-02-06T10:38:35.833+0530][gc,heap       ] GC(2) Old regions: 0->6
[2019-02-06T10:38:35.833+0530][gc,heap       ] GC(2) Humongous regions: 130->130
[2019-02-06T10:38:35.833+0530][gc,metaspace  ] GC(2) Metaspace: 28941K->28941K(1075200K)
[2019-02-06T10:38:35.834+0530][gc            ] GC(2) Pause Young (Normal) (G1 Evacuation Pause) 180M->139M(1024M) 8.175ms
[2019-02-06T10:38:35.834+0530][gc,cpu        ] GC(2) User=0.05s Sys=0.00s Real=0.00s
[2019-02-06T10:38:49.790+0530][gc,start      ] GC(3) Pause Young (Concurrent Start) (Metadata GC Threshold)
[2019-02-06T10:38:49.790+0530][gc,task       ] GC(3) Using 8 workers of 8 for evacuation
[2019-02-06T10:38:49.799+0530][gc,phases     ] GC(3)   Pre Evacuate Collection Set: 0.1ms
[2019-02-06T10:38:49.799+0530][gc,phases     ] GC(3)   Evacuate Collection Set: 8.2ms
[2019-02-06T10:38:49.799+0530][gc,phases     ] GC(3)   Post Evacuate Collection Set: 0.6ms
[2019-02-06T10:38:49.799+0530][gc,phases     ] GC(3)   Other: 0.3ms
[2019-02-06T10:38:49.799+0530][gc,heap       ] GC(3) Eden regions: 47->0(46)
[2019-02-06T10:38:49.799+0530][gc,heap       ] GC(3) Survivor regions: 4->5(7)
[2019-02-06T10:38:49.799+0530][gc,heap       ] GC(3) Old regions: 6->6
[2019-02-06T10:38:49.799+0530][gc,heap       ] GC(3) Humongous regions: 130->130
[2019-02-06T10:38:49.799+0530][gc,metaspace  ] GC(3) Metaspace: 35017K->35017K(1081344K)
[2019-02-06T10:38:49.799+0530][gc            ] GC(3) Pause Young (Concurrent Start) (Metadata GC Threshold) 185M->140M(1024M) 9.329ms
[2019-02-06T10:38:49.799+0530][gc,cpu        ] GC(3) User=0.05s Sys=0.00s Real=0.01s
[2019-02-06T10:38:49.799+0530][gc            ] GC(4) Concurrent Cycle
[2019-02-06T10:38:49.799+0530][gc,marking    ] GC(4) Concurrent Clear Claimed Marks
[2019-02-06T10:38:49.799+0530][gc,marking    ] GC(4) Concurrent Clear Claimed Marks 0.053ms
[2019-02-06T10:38:49.799+0530][gc,marking    ] GC(4) Concurrent Scan Root Regions
[2019-02-06T10:38:49.803+0530][gc,marking    ] GC(4) Concurrent Scan Root Regions 3.301ms
[2019-02-06T10:38:49.803+0530][gc,marking    ] GC(4) Concurrent Mark (22.992s)
[2019-02-06T10:38:49.803+0530][gc,marking    ] GC(4) Concurrent Mark From Roots
[2019-02-06T10:38:49.803+0530][gc,task       ] GC(4) Using 2 workers of 2 for marking
[2019-02-06T10:38:49.811+0530][gc,marking    ] GC(4) Concurrent Mark From Roots 8.512ms
[2019-02-06T10:38:49.811+0530][gc,marking    ] GC(4) Concurrent Preclean
[2019-02-06T10:38:49.811+0530][gc,marking    ] GC(4) Concurrent Preclean 0.247ms
[2019-02-06T10:38:49.811+0530][gc,marking    ] GC(4) Concurrent Mark (22.992s, 23.001s) 8.859ms
[2019-02-06T10:38:49.813+0530][gc,start      ] GC(4) Pause Remark
[2019-02-06T10:38:49.816+0530][gc,stringtable] GC(4) Cleaned string and symbol table, strings: 13271 processed, 6 removed, symbols: 93737 processed, 19 removed
[2019-02-06T10:38:49.816+0530][gc            ] GC(4) Pause Remark 147M->147M(1024M) 2.950ms
[2019-02-06T10:38:49.816+0530][gc,cpu        ] GC(4) User=0.02s Sys=0.00s Real=0.01s
[2019-02-06T10:38:49.816+0530][gc,marking    ] GC(4) Concurrent Rebuild Remembered Sets
[2019-02-06T10:38:49.822+0530][gc,marking    ] GC(4) Concurrent Rebuild Remembered Sets 5.549ms
[2019-02-06T10:38:49.822+0530][gc,start      ] GC(4) Pause Cleanup
[2019-02-06T10:38:49.823+0530][gc            ] GC(4) Pause Cleanup 147M->147M(1024M) 0.358ms
[2019-02-06T10:38:49.823+0530][gc,cpu        ] GC(4) User=0.00s Sys=0.00s Real=0.01s
[2019-02-06T10:38:49.823+0530][gc,marking    ] GC(4) Concurrent Cleanup for Next Mark
[2019-02-06T10:38:49.828+0530][gc,marking    ] GC(4) Concurrent Cleanup for Next Mark 5.297ms
[2019-02-06T10:38:49.828+0530][gc            ] GC(4) Concurrent Cycle 28.864ms
