[2019-02-05T12:28:40.946+0530][gc,heap] Heap region size: 1M
[2019-02-05T12:28:40.953+0530][gc     ] Using G1
[2019-02-05T12:28:40.953+0530][gc,heap,coops] Heap address: 0x00000000c0000000, size: 1024 MB, Compressed Oops mode: 32-bit
[2019-02-05T12:28:42.167+0530][gc,start     ] GC(0) Pause Young (Concurrent Start) (Metadata GC Threshold)
[2019-02-05T12:28:42.168+0530][gc,task      ] GC(0) Using 8 workers of 8 for evacuation
[2019-02-05T12:28:42.180+0530][gc,phases    ] GC(0)   Pre Evacuate Collection Set: 0.0ms
[2019-02-05T12:28:42.180+0530][gc,phases    ] GC(0)   Evacuate Collection Set: 10.9ms
[2019-02-05T12:28:42.180+0530][gc,phases    ] GC(0)   Post Evacuate Collection Set: 0.6ms
[2019-02-05T12:28:42.180+0530][gc,phases    ] GC(0)   Other: 1.6ms
[2019-02-05T12:28:42.180+0530][gc,heap      ] GC(0) Eden regions: 42->0(45)
[2019-02-05T12:28:42.180+0530][gc,heap      ] GC(0) Survivor regions: 0->6(7)
[2019-02-05T12:28:42.180+0530][gc,heap      ] GC(0) Old regions: 0->0
[2019-02-05T12:28:42.180+0530][gc,heap      ] GC(0) Humongous regions: 1->1
[2019-02-05T12:28:42.180+0530][gc,metaspace ] GC(0) Metaspace: 20550K->20550K(1069056K)
[2019-02-05T12:28:42.180+0530][gc           ] GC(0) Pause Young (Concurrent Start) (Metadata GC Threshold) 43M->6M(1024M) 13.254ms
[2019-02-05T12:28:42.180+0530][gc,cpu       ] GC(0) User=0.03s Sys=0.00s Real=0.01s
[2019-02-05T12:28:42.180+0530][gc           ] GC(1) Concurrent Cycle
[2019-02-05T12:28:42.180+0530][gc,marking   ] GC(1) Concurrent Clear Claimed Marks
[2019-02-05T12:28:42.180+0530][gc,marking   ] GC(1) Concurrent Clear Claimed Marks 0.021ms
[2019-02-05T12:28:42.180+0530][gc,marking   ] GC(1) Concurrent Scan Root Regions
[2019-02-05T12:28:42.182+0530][gc,marking   ] GC(1) Concurrent Scan Root Regions 2.210ms
[2019-02-05T12:28:42.182+0530][gc,marking   ] GC(1) Concurrent Mark (1.239s)
[2019-02-05T12:28:42.182+0530][gc,marking   ] GC(1) Concurrent Mark From Roots
[2019-02-05T12:28:42.182+0530][gc,task      ] GC(1) Using 2 workers of 2 for marking
[2019-02-05T12:28:42.183+0530][gc,marking   ] GC(1) Concurrent Mark From Roots 0.502ms
[2019-02-05T12:28:42.183+0530][gc,marking   ] GC(1) Concurrent Preclean
[2019-02-05T12:28:42.183+0530][gc,marking   ] GC(1) Concurrent Preclean 0.094ms
[2019-02-05T12:28:42.183+0530][gc,marking   ] GC(1) Concurrent Mark (1.239s, 1.239s) 0.621ms
[2019-02-05T12:28:42.184+0530][gc,start     ] GC(1) Pause Remark
[2019-02-05T12:28:42.185+0530][gc,stringtable] GC(1) Cleaned string and symbol table, strings: 8052 processed, 0 removed, symbols: 64750 processed, 37 removed
[2019-02-05T12:28:42.186+0530][gc            ] GC(1) Pause Remark 7M->7M(1024M) 2.335ms
[2019-02-05T12:28:42.186+0530][gc,cpu        ] GC(1) User=0.02s Sys=0.00s Real=0.01s
[2019-02-05T12:28:42.186+0530][gc,marking    ] GC(1) Concurrent Rebuild Remembered Sets
[2019-02-05T12:28:42.186+0530][gc,marking    ] GC(1) Concurrent Rebuild Remembered Sets 0.101ms
[2019-02-05T12:28:42.186+0530][gc,start      ] GC(1) Pause Cleanup
[2019-02-05T12:28:42.187+0530][gc            ] GC(1) Pause Cleanup 7M->7M(1024M) 0.245ms
[2019-02-05T12:28:42.187+0530][gc,cpu        ] GC(1) User=0.00s Sys=0.00s Real=0.00s
[2019-02-05T12:28:42.187+0530][gc,marking    ] GC(1) Concurrent Cleanup for Next Mark
[2019-02-05T12:28:42.191+0530][gc,marking    ] GC(1) Concurrent Cleanup for Next Mark 4.262ms
[2019-02-05T12:28:42.191+0530][gc            ] GC(1) Concurrent Cycle 11.027ms
[2019-02-05T12:28:47.346+0530][gc,start      ] GC(2) Pause Young (Normal) (G1 Evacuation Pause)
[2019-02-05T12:28:47.346+0530][gc,task       ] GC(2) Using 8 workers of 8 for evacuation
[2019-02-05T12:28:47.357+0530][gc,phases     ] GC(2)   Pre Evacuate Collection Set: 0.0ms
[2019-02-05T12:28:47.357+0530][gc,phases     ] GC(2)   Evacuate Collection Set: 10.2ms
[2019-02-05T12:28:47.357+0530][gc,phases     ] GC(2)   Post Evacuate Collection Set: 0.8ms
[2019-02-05T12:28:47.357+0530][gc,phases     ] GC(2)   Other: 0.2ms
[2019-02-05T12:28:47.357+0530][gc,heap       ] GC(2) Eden regions: 45->0(47)
[2019-02-05T12:28:47.357+0530][gc,heap       ] GC(2) Survivor regions: 6->4(7)
[2019-02-05T12:28:47.357+0530][gc,heap       ] GC(2) Old regions: 0->6
[2019-02-05T12:28:47.357+0530][gc,heap       ] GC(2) Humongous regions: 130->130
[2019-02-05T12:28:47.357+0530][gc,metaspace  ] GC(2) Metaspace: 29113K->29113K(1075200K)
[2019-02-05T12:28:47.357+0530][gc            ] GC(2) Pause Young (Normal) (G1 Evacuation Pause) 180M->139M(1024M) 11.331ms
[2019-02-05T12:28:47.357+0530][gc,cpu        ] GC(2) User=0.05s Sys=0.00s Real=0.01s
[2019-02-05T12:29:41.963+0530][gc,start      ] GC(3) Pause Young (Concurrent Start) (Metadata GC Threshold)
[2019-02-05T12:29:41.963+0530][gc,task       ] GC(3) Using 8 workers of 8 for evacuation
[2019-02-05T12:29:41.971+0530][gc,phases     ] GC(3)   Pre Evacuate Collection Set: 0.1ms
[2019-02-05T12:29:41.971+0530][gc,phases     ] GC(3)   Evacuate Collection Set: 6.9ms
[2019-02-05T12:29:41.971+0530][gc,phases     ] GC(3)   Post Evacuate Collection Set: 0.5ms
[2019-02-05T12:29:41.971+0530][gc,phases     ] GC(3)   Other: 0.6ms
[2019-02-05T12:29:41.971+0530][gc,heap       ] GC(3) Eden regions: 44->0(46)
[2019-02-05T12:29:41.971+0530][gc,heap       ] GC(3) Survivor regions: 4->5(7)
[2019-02-05T12:29:41.971+0530][gc,heap       ] GC(3) Old regions: 6->6
[2019-02-05T12:29:41.971+0530][gc,heap       ] GC(3) Humongous regions: 148->130
[2019-02-05T12:29:41.971+0530][gc,metaspace  ] GC(3) Metaspace: 34863K->34863K(1081344K)
[2019-02-05T12:29:41.971+0530][gc            ] GC(3) Pause Young (Concurrent Start) (Metadata GC Threshold) 201M->140M(1024M) 8.143ms
[2019-02-05T12:29:41.971+0530][gc,cpu        ] GC(3) User=0.04s Sys=0.00s Real=0.01s
[2019-02-05T12:29:41.971+0530][gc            ] GC(4) Concurrent Cycle
[2019-02-05T12:29:41.971+0530][gc,marking    ] GC(4) Concurrent Clear Claimed Marks
[2019-02-05T12:29:41.972+0530][gc,marking    ] GC(4) Concurrent Clear Claimed Marks 0.028ms
[2019-02-05T12:29:41.972+0530][gc,marking    ] GC(4) Concurrent Scan Root Regions
[2019-02-05T12:29:41.974+0530][gc,marking    ] GC(4) Concurrent Scan Root Regions 2.647ms
[2019-02-05T12:29:41.974+0530][gc,marking    ] GC(4) Concurrent Mark (61.031s)
[2019-02-05T12:29:41.974+0530][gc,marking    ] GC(4) Concurrent Mark From Roots
[2019-02-05T12:29:41.974+0530][gc,task       ] GC(4) Using 2 workers of 2 for marking
[2019-02-05T12:29:41.979+0530][gc,marking    ] GC(4) Concurrent Mark From Roots 5.001ms
[2019-02-05T12:29:41.979+0530][gc,marking    ] GC(4) Concurrent Preclean
[2019-02-05T12:29:41.979+0530][gc,marking    ] GC(4) Concurrent Preclean 0.104ms
[2019-02-05T12:29:41.979+0530][gc,marking    ] GC(4) Concurrent Mark (61.031s, 61.036s) 5.152ms
[2019-02-05T12:29:41.980+0530][gc,start      ] GC(4) Pause Remark
[2019-02-05T12:29:41.981+0530][gc,stringtable] GC(4) Cleaned string and symbol table, strings: 13113 processed, 6 removed, symbols: 94182 processed, 18 removed
[2019-02-05T12:29:41.982+0530][gc            ] GC(4) Pause Remark 140M->140M(1024M) 2.051ms
[2019-02-05T12:29:41.982+0530][gc,cpu        ] GC(4) User=0.02s Sys=0.00s Real=0.00s
[2019-02-05T12:29:41.982+0530][gc,marking    ] GC(4) Concurrent Rebuild Remembered Sets
[2019-02-05T12:29:41.985+0530][gc,marking    ] GC(4) Concurrent Rebuild Remembered Sets 2.846ms
[2019-02-05T12:29:41.985+0530][gc,start      ] GC(4) Pause Cleanup
[2019-02-05T12:29:41.985+0530][gc            ] GC(4) Pause Cleanup 140M->140M(1024M) 0.147ms
[2019-02-05T12:29:41.985+0530][gc,cpu        ] GC(4) User=0.00s Sys=0.00s Real=0.00s
[2019-02-05T12:29:41.985+0530][gc,marking    ] GC(4) Concurrent Cleanup for Next Mark
[2019-02-05T12:29:41.989+0530][gc,marking    ] GC(4) Concurrent Cleanup for Next Mark 4.079ms
[2019-02-05T12:29:41.989+0530][gc            ] GC(4) Concurrent Cycle 17.527ms
[2019-02-05T12:40:02.321+0530][gc,start      ] GC(5) Pause Young (Normal) (G1 Evacuation Pause)
[2019-02-05T12:40:02.321+0530][gc,task       ] GC(5) Using 8 workers of 8 for evacuation
[2019-02-05T12:40:02.332+0530][gc,phases     ] GC(5)   Pre Evacuate Collection Set: 0.0ms
[2019-02-05T12:40:02.332+0530][gc,phases     ] GC(5)   Evacuate Collection Set: 9.3ms
[2019-02-05T12:40:02.332+0530][gc,phases     ] GC(5)   Post Evacuate Collection Set: 1.2ms
[2019-02-05T12:40:02.332+0530][gc,phases     ] GC(5)   Other: 0.5ms
[2019-02-05T12:40:02.332+0530][gc,heap       ] GC(5) Eden regions: 46->0(48)
[2019-02-05T12:40:02.332+0530][gc,heap       ] GC(5) Survivor regions: 5->3(7)
[2019-02-05T12:40:02.332+0530][gc,heap       ] GC(5) Old regions: 6->9
[2019-02-05T12:40:02.332+0530][gc,heap       ] GC(5) Humongous regions: 130->130
[2019-02-05T12:40:02.332+0530][gc,metaspace  ] GC(5) Metaspace: 37424K->37424K(1083392K)
[2019-02-05T12:40:02.332+0530][gc            ] GC(5) Pause Young (Normal) (G1 Evacuation Pause) 186M->141M(1024M) 11.384ms
[2019-02-05T12:40:02.332+0530][gc,cpu        ] GC(5) User=0.07s Sys=0.00s Real=0.01s
[2019-02-05T12:51:38.691+0530][gc,start      ] GC(6) Pause Young (Normal) (G1 Evacuation Pause)
[2019-02-05T12:51:38.691+0530][gc,task       ] GC(6) Using 8 workers of 8 for evacuation
[2019-02-05T12:51:38.700+0530][gc,phases     ] GC(6)   Pre Evacuate Collection Set: 0.1ms
[2019-02-05T12:51:38.700+0530][gc,phases     ] GC(6)   Evacuate Collection Set: 7.2ms
[2019-02-05T12:51:38.700+0530][gc,phases     ] GC(6)   Post Evacuate Collection Set: 1.0ms
[2019-02-05T12:51:38.700+0530][gc,phases     ] GC(6)   Other: 0.5ms
[2019-02-05T12:51:38.700+0530][gc,heap       ] GC(6) Eden regions: 48->0(47)
[2019-02-05T12:51:38.700+0530][gc,heap       ] GC(6) Survivor regions: 3->4(7)
[2019-02-05T12:51:38.700+0530][gc,heap       ] GC(6) Old regions: 9->9
[2019-02-05T12:51:38.700+0530][gc,heap       ] GC(6) Humongous regions: 130->130
[2019-02-05T12:51:38.700+0530][gc,metaspace  ] GC(6) Metaspace: 37592K->37592K(1083392K)
[2019-02-05T12:51:38.700+0530][gc            ] GC(6) Pause Young (Normal) (G1 Evacuation Pause) 189M->142M(1024M) 9.064ms
[2019-02-05T12:51:38.700+0530][gc,cpu        ] GC(6) User=0.05s Sys=0.00s Real=0.01s
[2019-02-05T13:03:31.963+0530][gc,start      ] GC(7) Pause Young (Normal) (G1 Evacuation Pause)
[2019-02-05T13:03:31.963+0530][gc,task       ] GC(7) Using 8 workers of 8 for evacuation
[2019-02-05T13:03:31.979+0530][gc,phases     ] GC(7)   Pre Evacuate Collection Set: 0.0ms
[2019-02-05T13:03:31.979+0530][gc,phases     ] GC(7)   Evacuate Collection Set: 12.2ms
[2019-02-05T13:03:31.980+0530][gc,phases     ] GC(7)   Post Evacuate Collection Set: 4.0ms
[2019-02-05T13:03:31.980+0530][gc,phases     ] GC(7)   Other: 0.5ms
[2019-02-05T13:03:31.980+0530][gc,heap       ] GC(7) Eden regions: 47->0(46)
[2019-02-05T13:03:31.980+0530][gc,heap       ] GC(7) Survivor regions: 4->5(7)
[2019-02-05T13:03:31.980+0530][gc,heap       ] GC(7) Old regions: 9->9
[2019-02-05T13:03:31.980+0530][gc,heap       ] GC(7) Humongous regions: 130->130
[2019-02-05T13:03:31.980+0530][gc,metaspace  ] GC(7) Metaspace: 37628K->37628K(1083392K)
[2019-02-05T13:03:31.980+0530][gc            ] GC(7) Pause Young (Normal) (G1 Evacuation Pause) 189M->142M(1024M) 17.148ms
[2019-02-05T13:03:31.980+0530][gc,cpu        ] GC(7) User=0.10s Sys=0.00s Real=0.02s
[2019-02-05T13:15:26.963+0530][gc,start      ] GC(8) Pause Young (Normal) (G1 Evacuation Pause)
[2019-02-05T13:15:26.963+0530][gc,task       ] GC(8) Using 8 workers of 8 for evacuation
[2019-02-05T13:15:26.971+0530][gc,phases     ] GC(8)   Pre Evacuate Collection Set: 0.1ms
[2019-02-05T13:15:26.971+0530][gc,phases     ] GC(8)   Evacuate Collection Set: 7.1ms
[2019-02-05T13:15:26.971+0530][gc,phases     ] GC(8)   Post Evacuate Collection Set: 0.5ms
[2019-02-05T13:15:26.971+0530][gc,phases     ] GC(8)   Other: 0.5ms
[2019-02-05T13:15:26.971+0530][gc,heap       ] GC(8) Eden regions: 46->0(47)
[2019-02-05T13:15:26.971+0530][gc,heap       ] GC(8) Survivor regions: 5->4(7)
[2019-02-05T13:15:26.971+0530][gc,heap       ] GC(8) Old regions: 9->11
[2019-02-05T13:15:26.971+0530][gc,heap       ] GC(8) Humongous regions: 130->130
[2019-02-05T13:15:26.971+0530][gc,metaspace  ] GC(8) Metaspace: 37669K->37669K(1083392K)
[2019-02-05T13:15:26.971+0530][gc            ] GC(8) Pause Young (Normal) (G1 Evacuation Pause) 188M->143M(1024M) 8.171ms
[2019-02-05T13:15:26.971+0530][gc,cpu        ] GC(8) User=0.06s Sys=0.00s Real=0.01s
[2019-02-05T13:28:04.375+0530][gc,start      ] GC(9) Pause Young (Normal) (G1 Evacuation Pause)
[2019-02-05T13:28:04.375+0530][gc,task       ] GC(9) Using 8 workers of 8 for evacuation
[2019-02-05T13:28:04.381+0530][gc,phases     ] GC(9)   Pre Evacuate Collection Set: 0.0ms
[2019-02-05T13:28:04.381+0530][gc,phases     ] GC(9)   Evacuate Collection Set: 5.1ms
[2019-02-05T13:28:04.381+0530][gc,phases     ] GC(9)   Post Evacuate Collection Set: 0.6ms
[2019-02-05T13:28:04.381+0530][gc,phases     ] GC(9)   Other: 0.4ms
[2019-02-05T13:28:04.381+0530][gc,heap       ] GC(9) Eden regions: 47->0(51)
[2019-02-05T13:28:04.381+0530][gc,heap       ] GC(9) Survivor regions: 4->3(7)
[2019-02-05T13:28:04.381+0530][gc,heap       ] GC(9) Old regions: 11->11
[2019-02-05T13:28:04.381+0530][gc,heap       ] GC(9) Humongous regions: 130->130
[2019-02-05T13:28:04.381+0530][gc,metaspace  ] GC(9) Metaspace: 37688K->37688K(1083392K)
[2019-02-05T13:28:04.381+0530][gc            ] GC(9) Pause Young (Normal) (G1 Evacuation Pause) 190M->143M(1024M) 6.233ms
[2019-02-05T13:28:04.381+0530][gc,cpu        ] GC(9) User=0.04s Sys=0.00s Real=0.00s
[2019-02-05T13:55:12.221+0530][gc,start      ] GC(10) Pause Young (Normal) (G1 Evacuation Pause)
[2019-02-05T13:55:12.221+0530][gc,task       ] GC(10) Using 8 workers of 8 for evacuation
[2019-02-05T13:55:12.228+0530][gc,phases     ] GC(10)   Pre Evacuate Collection Set: 0.1ms
[2019-02-05T13:55:12.228+0530][gc,phases     ] GC(10)   Evacuate Collection Set: 6.2ms
[2019-02-05T13:55:12.228+0530][gc,phases     ] GC(10)   Post Evacuate Collection Set: 0.4ms
[2019-02-05T13:55:12.228+0530][gc,phases     ] GC(10)   Other: 0.5ms
[2019-02-05T13:55:12.228+0530][gc,heap       ] GC(10) Eden regions: 51->0(63)
[2019-02-05T13:55:12.228+0530][gc,heap       ] GC(10) Survivor regions: 3->4(7)
[2019-02-05T13:55:12.228+0530][gc,heap       ] GC(10) Old regions: 11->11
[2019-02-05T13:55:12.228+0530][gc,heap       ] GC(10) Humongous regions: 130->130
[2019-02-05T13:55:12.228+0530][gc,metaspace  ] GC(10) Metaspace: 37799K->37799K(1083392K)
[2019-02-05T13:55:12.228+0530][gc            ] GC(10) Pause Young (Normal) (G1 Evacuation Pause) 194M->143M(1024M) 7.213ms
[2019-02-05T13:55:12.228+0530][gc,cpu        ] GC(10) User=0.05s Sys=0.00s Real=0.01s
[2019-02-05T14:11:49.032+0530][gc,start      ] GC(11) Pause Young (Normal) (G1 Evacuation Pause)
[2019-02-05T14:11:49.032+0530][gc,task       ] GC(11) Using 8 workers of 8 for evacuation
[2019-02-05T14:11:49.039+0530][gc,phases     ] GC(11)   Pre Evacuate Collection Set: 0.1ms
[2019-02-05T14:11:49.039+0530][gc,phases     ] GC(11)   Evacuate Collection Set: 6.2ms
[2019-02-05T14:11:49.039+0530][gc,phases     ] GC(11)   Post Evacuate Collection Set: 0.4ms
[2019-02-05T14:11:49.039+0530][gc,phases     ] GC(11)   Other: 0.5ms
[2019-02-05T14:11:49.039+0530][gc,heap       ] GC(11) Eden regions: 63->0(610)
[2019-02-05T14:11:49.039+0530][gc,heap       ] GC(11) Survivor regions: 4->4(9)
[2019-02-05T14:11:49.039+0530][gc,heap       ] GC(11) Old regions: 11->11
[2019-02-05T14:11:49.039+0530][gc,heap       ] GC(11) Humongous regions: 130->130
[2019-02-05T14:11:49.039+0530][gc,metaspace  ] GC(11) Metaspace: 37808K->37808K(1083392K)
[2019-02-05T14:11:49.040+0530][gc            ] GC(11) Pause Young (Normal) (G1 Evacuation Pause) 206M->143M(1024M) 7.250ms
[2019-02-05T14:11:49.040+0530][gc,cpu        ] GC(11) User=0.05s Sys=0.01s Real=0.01s
[2019-02-05T16:55:18.144+0530][gc,start      ] GC(12) Pause Young (Normal) (G1 Evacuation Pause)
[2019-02-05T16:55:18.145+0530][gc,task       ] GC(12) Using 8 workers of 8 for evacuation
[2019-02-05T16:55:18.151+0530][gc,phases     ] GC(12)   Pre Evacuate Collection Set: 0.0ms
[2019-02-05T16:55:18.151+0530][gc,phases     ] GC(12)   Evacuate Collection Set: 5.0ms
[2019-02-05T16:55:18.151+0530][gc,phases     ] GC(12)   Post Evacuate Collection Set: 0.7ms
[2019-02-05T16:55:18.151+0530][gc,phases     ] GC(12)   Other: 0.7ms
[2019-02-05T16:55:18.151+0530][gc,heap       ] GC(12) Eden regions: 610->0(611)
[2019-02-05T16:55:18.151+0530][gc,heap       ] GC(12) Survivor regions: 4->3(77)
[2019-02-05T16:55:18.151+0530][gc,heap       ] GC(12) Old regions: 11->11
[2019-02-05T16:55:18.151+0530][gc,heap       ] GC(12) Humongous regions: 130->130
[2019-02-05T16:55:18.151+0530][gc,metaspace  ] GC(12) Metaspace: 37958K->37958K(1083392K)
[2019-02-05T16:55:18.151+0530][gc            ] GC(12) Pause Young (Normal) (G1 Evacuation Pause) 753M->142M(1024M) 6.402ms
[2019-02-05T16:55:18.151+0530][gc,cpu        ] GC(12) User=0.03s Sys=0.00s Real=0.00s
[2019-02-05T19:12:46.670+0530][gc,start      ] GC(13) Pause Young (Normal) (G1 Evacuation Pause)
[2019-02-05T19:12:46.670+0530][gc,task       ] GC(13) Using 8 workers of 8 for evacuation
[2019-02-05T19:12:46.680+0530][gc,phases     ] GC(13)   Pre Evacuate Collection Set: 0.1ms
[2019-02-05T19:12:46.680+0530][gc,phases     ] GC(13)   Evacuate Collection Set: 8.0ms
[2019-02-05T19:12:46.680+0530][gc,phases     ] GC(13)   Post Evacuate Collection Set: 1.5ms
[2019-02-05T19:12:46.680+0530][gc,phases     ] GC(13)   Other: 0.6ms
[2019-02-05T19:12:46.680+0530][gc,heap       ] GC(13) Eden regions: 611->0(610)
[2019-02-05T19:12:46.680+0530][gc,heap       ] GC(13) Survivor regions: 3->4(77)
[2019-02-05T19:12:46.680+0530][gc,heap       ] GC(13) Old regions: 11->11
[2019-02-05T19:12:46.680+0530][gc,heap       ] GC(13) Humongous regions: 130->130
[2019-02-05T19:12:46.680+0530][gc,metaspace  ] GC(13) Metaspace: 38779K->38779K(1085440K)
[2019-02-05T19:12:46.680+0530][gc            ] GC(13) Pause Young (Normal) (G1 Evacuation Pause) 753M->143M(1024M) 10.526ms
[2019-02-05T19:12:46.680+0530][gc,cpu        ] GC(13) User=0.07s Sys=0.00s Real=0.01s
[2019-02-06T00:17:33.211+0530][gc,start      ] GC(14) Pause Young (Normal) (G1 Evacuation Pause)
[2019-02-06T00:17:33.225+0530][gc,task       ] GC(14) Using 8 workers of 8 for evacuation
[2019-02-06T00:17:33.237+0530][gc,phases     ] GC(14)   Pre Evacuate Collection Set: 0.1ms
[2019-02-06T00:17:33.237+0530][gc,phases     ] GC(14)   Evacuate Collection Set: 7.4ms
[2019-02-06T00:17:33.237+0530][gc,phases     ] GC(14)   Post Evacuate Collection Set: 4.0ms
[2019-02-06T00:17:33.237+0530][gc,phases     ] GC(14)   Other: 14.6ms
[2019-02-06T00:17:33.237+0530][gc,heap       ] GC(14) Eden regions: 610->0(610)
[2019-02-06T00:17:33.237+0530][gc,heap       ] GC(14) Survivor regions: 4->4(77)
[2019-02-06T00:17:33.237+0530][gc,heap       ] GC(14) Old regions: 11->11
[2019-02-06T00:17:33.237+0530][gc,heap       ] GC(14) Humongous regions: 130->130
[2019-02-06T00:17:33.237+0530][gc,metaspace  ] GC(14) Metaspace: 38977K->38977K(1085440K)
[2019-02-06T00:17:33.237+0530][gc            ] GC(14) Pause Young (Normal) (G1 Evacuation Pause) 753M->143M(1024M) 26.315ms
[2019-02-06T00:17:33.237+0530][gc,cpu        ] GC(14) User=0.08s Sys=0.00s Real=0.03s
[2019-02-06T10:22:27.135+0530][gc,start      ] GC(15) Pause Young (Normal) (G1 Evacuation Pause)
[2019-02-06T10:22:27.136+0530][gc,task       ] GC(15) Using 8 workers of 8 for evacuation
[2019-02-06T10:22:27.143+0530][gc,phases     ] GC(15)   Pre Evacuate Collection Set: 0.1ms
[2019-02-06T10:22:27.144+0530][gc,phases     ] GC(15)   Evacuate Collection Set: 6.6ms
[2019-02-06T10:22:27.144+0530][gc,phases     ] GC(15)   Post Evacuate Collection Set: 0.9ms
[2019-02-06T10:22:27.144+0530][gc,phases     ] GC(15)   Other: 0.6ms
[2019-02-06T10:22:27.144+0530][gc,heap       ] GC(15) Eden regions: 610->0(610)
[2019-02-06T10:22:27.144+0530][gc,heap       ] GC(15) Survivor regions: 4->4(77)
[2019-02-06T10:22:27.144+0530][gc,heap       ] GC(15) Old regions: 11->11
[2019-02-06T10:22:27.144+0530][gc,heap       ] GC(15) Humongous regions: 130->130
[2019-02-06T10:22:27.144+0530][gc,metaspace  ] GC(15) Metaspace: 39091K->39091K(1085440K)
[2019-02-06T10:22:27.144+0530][gc            ] GC(15) Pause Young (Normal) (G1 Evacuation Pause) 753M->144M(1024M) 8.198ms
[2019-02-06T10:22:27.144+0530][gc,cpu        ] GC(15) User=0.06s Sys=0.00s Real=0.01s
