[2019-02-04T21:51:39.356+0530][gc,heap] Heap region size: 1M
[2019-02-04T21:51:39.360+0530][gc     ] Using G1
[2019-02-04T21:51:39.360+0530][gc,heap,coops] Heap address: 0x00000000e0000000, size: 512 MB, Compressed Oops mode: 32-bit
[2019-02-04T22:14:23.896+0530][gc,start     ] GC(0) Pause Young (Normal) (G1 Evacuation Pause)
[2019-02-04T22:14:23.898+0530][gc,task      ] GC(0) Using 8 workers of 8 for evacuation
[2019-02-04T22:14:23.913+0530][gc,phases    ] GC(0)   Pre Evacuate Collection Set: 0.0ms
[2019-02-04T22:14:23.913+0530][gc,phases    ] GC(0)   Evacuate Collection Set: 13.5ms
[2019-02-04T22:14:23.913+0530][gc,phases    ] GC(0)   Post Evacuate Collection Set: 1.1ms
[2019-02-04T22:14:23.914+0530][gc,phases    ] GC(0)   Other: 2.6ms
[2019-02-04T22:14:23.914+0530][gc,heap      ] GC(0) Eden regions: 25->0(21)
[2019-02-04T22:14:23.914+0530][gc,heap      ] GC(0) Survivor regions: 0->4(4)
[2019-02-04T22:14:23.914+0530][gc,heap      ] GC(0) Old regions: 0->2
[2019-02-04T22:14:23.914+0530][gc,heap      ] GC(0) Humongous regions: 1->1
[2019-02-04T22:14:23.914+0530][gc,metaspace ] GC(0) Metaspace: 15208K->15208K(1062912K)
[2019-02-04T22:14:23.914+0530][gc           ] GC(0) Pause Young (Normal) (G1 Evacuation Pause) 26M->6M(512M) 17.549ms
[2019-02-04T22:14:23.914+0530][gc,cpu       ] GC(0) User=0.09s Sys=0.01s Real=0.02s
[2019-02-05T00:39:29.378+0530][gc,start     ] GC(1) Pause Young (Normal) (G1 Evacuation Pause)
[2019-02-05T00:39:29.378+0530][gc,task      ] GC(1) Using 8 workers of 8 for evacuation
[2019-02-05T00:39:29.386+0530][gc,phases    ] GC(1)   Pre Evacuate Collection Set: 0.0ms
[2019-02-05T00:39:29.386+0530][gc,phases    ] GC(1)   Evacuate Collection Set: 7.2ms
[2019-02-05T00:39:29.386+0530][gc,phases    ] GC(1)   Post Evacuate Collection Set: 0.5ms
[2019-02-05T00:39:29.386+0530][gc,phases    ] GC(1)   Other: 0.3ms
[2019-02-05T00:39:29.386+0530][gc,heap      ] GC(1) Eden regions: 21->0(24)
[2019-02-05T00:39:29.386+0530][gc,heap      ] GC(1) Survivor regions: 4->1(4)
[2019-02-05T00:39:29.386+0530][gc,heap      ] GC(1) Old regions: 2->6
[2019-02-05T00:39:29.386+0530][gc,heap      ] GC(1) Humongous regions: 1->1
[2019-02-05T00:39:29.386+0530][gc,metaspace ] GC(1) Metaspace: 15299K->15299K(1062912K)
[2019-02-05T00:39:29.386+0530][gc           ] GC(1) Pause Young (Normal) (G1 Evacuation Pause) 27M->6M(512M) 8.124ms
[2019-02-05T00:39:29.386+0530][gc,cpu       ] GC(1) User=0.06s Sys=0.00s Real=0.01s
[2019-02-05T09:42:39.919+0530][gc,heap,exit ] Heap
[2019-02-05T09:42:39.919+0530][gc,heap,exit ]  garbage-first heap   total 524288K, used 25582K [0x00000000e0000000, 0x0000000100000000)
[2019-02-05T09:42:39.919+0530][gc,heap,exit ]   region size 1024K, 20 young (20480K), 1 survivors (1024K)
[2019-02-05T09:42:39.920+0530][gc,heap,exit ]  Metaspace       used 15311K, capacity 15613K, committed 15872K, reserved 1062912K
[2019-02-05T09:42:39.920+0530][gc,heap,exit ]   class space    used 1522K, capacity 1668K, committed 1792K, reserved 1048576K
