[2019-02-05T12:27:54.122+0530][gc,heap] Heap region size: 1M
[2019-02-05T12:27:54.126+0530][gc     ] Using G1
[2019-02-05T12:27:54.126+0530][gc,heap,coops] Heap address: 0x00000000e0000000, size: 512 MB, Compressed Oops mode: 32-bit
[2019-02-05T12:58:10.920+0530][gc,start     ] GC(0) Pause Young (Normal) (G1 Evacuation Pause)
[2019-02-05T12:58:10.923+0530][gc,task      ] GC(0) Using 8 workers of 8 for evacuation
[2019-02-05T12:58:10.931+0530][gc,phases    ] GC(0)   Pre Evacuate Collection Set: 0.0ms
[2019-02-05T12:58:10.931+0530][gc,phases    ] GC(0)   Evacuate Collection Set: 7.4ms
[2019-02-05T12:58:10.931+0530][gc,phases    ] GC(0)   Post Evacuate Collection Set: 0.5ms
[2019-02-05T12:58:10.931+0530][gc,phases    ] GC(0)   Other: 2.9ms
[2019-02-05T12:58:10.931+0530][gc,heap      ] GC(0) Eden regions: 25->0(21)
[2019-02-05T12:58:10.931+0530][gc,heap      ] GC(0) Survivor regions: 0->4(4)
[2019-02-05T12:58:10.931+0530][gc,heap      ] GC(0) Old regions: 0->2
[2019-02-05T12:58:10.931+0530][gc,heap      ] GC(0) Humongous regions: 1->1
[2019-02-05T12:58:10.931+0530][gc,metaspace ] GC(0) Metaspace: 15215K->15215K(1062912K)
[2019-02-05T12:58:10.931+0530][gc           ] GC(0) Pause Young (Normal) (G1 Evacuation Pause) 26M->6M(512M) 10.907ms
[2019-02-05T12:58:10.931+0530][gc,cpu       ] GC(0) User=0.06s Sys=0.00s Real=0.01s
[2019-02-05T17:41:25.347+0530][gc,start     ] GC(1) Pause Young (Normal) (G1 Evacuation Pause)
[2019-02-05T17:41:25.347+0530][gc,task      ] GC(1) Using 8 workers of 8 for evacuation
[2019-02-05T17:41:25.355+0530][gc,phases    ] GC(1)   Pre Evacuate Collection Set: 0.1ms
[2019-02-05T17:41:25.355+0530][gc,phases    ] GC(1)   Evacuate Collection Set: 6.4ms
[2019-02-05T17:41:25.355+0530][gc,phases    ] GC(1)   Post Evacuate Collection Set: 0.4ms
[2019-02-05T17:41:25.355+0530][gc,phases    ] GC(1)   Other: 0.5ms
[2019-02-05T17:41:25.355+0530][gc,heap      ] GC(1) Eden regions: 21->0(24)
[2019-02-05T17:41:25.355+0530][gc,heap      ] GC(1) Survivor regions: 4->1(4)
[2019-02-05T17:41:25.355+0530][gc,heap      ] GC(1) Old regions: 2->7
[2019-02-05T17:41:25.355+0530][gc,heap      ] GC(1) Humongous regions: 1->1
[2019-02-05T17:41:25.355+0530][gc,metaspace ] GC(1) Metaspace: 15258K->15258K(1062912K)
[2019-02-05T17:41:25.355+0530][gc           ] GC(1) Pause Young (Normal) (G1 Evacuation Pause) 27M->7M(512M) 7.325ms
[2019-02-05T17:41:25.355+0530][gc,cpu       ] GC(1) User=0.04s Sys=0.02s Real=0.01s
