[2019-02-05T10:52:54.787+0530][gc,heap] Heap region size: 1M
[2019-02-05T10:52:54.791+0530][gc     ] Using G1
[2019-02-05T10:52:54.791+0530][gc,heap,coops] Heap address: 0x00000000e0000000, size: 512 MB, Compressed Oops mode: 32-bit
[2019-02-05T11:26:30.266+0530][gc,start     ] GC(0) Pause Young (Normal) (G1 Evacuation Pause)
[2019-02-05T11:26:30.268+0530][gc,task      ] GC(0) Using 8 workers of 8 for evacuation
[2019-02-05T11:26:30.283+0530][gc,phases    ] GC(0)   Pre Evacuate Collection Set: 0.1ms
[2019-02-05T11:26:30.283+0530][gc,phases    ] GC(0)   Evacuate Collection Set: 13.6ms
[2019-02-05T11:26:30.283+0530][gc,phases    ] GC(0)   Post Evacuate Collection Set: 0.7ms
[2019-02-05T11:26:30.283+0530][gc,phases    ] GC(0)   Other: 2.3ms
[2019-02-05T11:26:30.283+0530][gc,heap      ] GC(0) Eden regions: 25->0(21)
[2019-02-05T11:26:30.283+0530][gc,heap      ] GC(0) Survivor regions: 0->4(4)
[2019-02-05T11:26:30.283+0530][gc,heap      ] GC(0) Old regions: 0->2
[2019-02-05T11:26:30.283+0530][gc,heap      ] GC(0) Humongous regions: 1->1
[2019-02-05T11:26:30.283+0530][gc,metaspace ] GC(0) Metaspace: 15195K->15195K(1062912K)
[2019-02-05T11:26:30.283+0530][gc           ] GC(0) Pause Young (Normal) (G1 Evacuation Pause) 26M->6M(512M) 16.786ms
[2019-02-05T11:26:30.283+0530][gc,cpu       ] GC(0) User=0.09s Sys=0.00s Real=0.01s
[2019-02-05T12:26:40.610+0530][gc,heap,exit ] Heap
[2019-02-05T12:26:40.610+0530][gc,heap,exit ]  garbage-first heap   total 524288K, used 11771K [0x00000000e0000000, 0x0000000100000000)
[2019-02-05T12:26:40.610+0530][gc,heap,exit ]   region size 1024K, 10 young (10240K), 4 survivors (4096K)
[2019-02-05T12:26:40.610+0530][gc,heap,exit ]  Metaspace       used 15235K, capacity 15609K, committed 15872K, reserved 1062912K
[2019-02-05T12:26:40.610+0530][gc,heap,exit ]   class space    used 1522K, capacity 1668K, committed 1792K, reserved 1048576K
